port 1313 already in use, attempting to use an available port
Watching for changes in /home/stas/www/itexperts.team/archetypes, /home/stas/www/itexperts.team/assets, /home/stas/www/itexperts.team/content/{contact,jokes,posts}, /home/stas/www/itexperts.team/data, /home/stas/www/itexperts.team/i18n, /home/stas/www/itexperts.team/layouts, /home/stas/www/itexperts.team/static/img, /home/stas/www/itexperts.team/themes/mainroad/archetypes, /home/stas/www/itexperts.team/themes/mainroad/assets/css, /home/stas/www/itexperts.team/themes/mainroad/i18n, ... and 3 more
Watching for config changes in /home/stas/www/itexperts.team/hugo.toml
Start building sites … 
hugo v0.155.3+extended linux/amd64 BuildDate=unknown


                  │ EN 
──────────────────┼────
 Pages            │ 48 
 Paginator pages  │  0 
 Non-page files   │  0 
 Static files     │ 22 
 Processed images │  0 
 Aliases          │ 18 
 Cleaned          │  0 

Built in 100 ms
Environment: "development"
Serving pages from disk
Web Server is available at http://10.1.1.206:46733/ (bind address 0.0.0.0) 
Press Ctrl+C to stop

Change detected, rebuilding site (#1).
2026-02-16 16:15:11.703 +0300
Source changed /jokes/j5.md
Web Server is available at http://10.1.1.206:46733/ (bind address 0.0.0.0)
Total in 32 ms

Change of Static files detected, rebuilding site (#2).
2026-02-16 17:11:37.704 +0300
Syncing /img/GPU_AI_2030.jpeg to /

Change detected, rebuilding site (#3).
2026-02-16 17:12:04.203 +0300
Source changed /posts/gpu_ai_infra_trends_2030.md
Web Server is available at http://10.1.1.206:46733/ (bind address 0.0.0.0)
Total in 92 ms

Change detected, rebuilding site (#4).
2026-02-16 17:16:47.203 +0300
Source changed /posts/gpu_ai_infra_trends_2030.md
Web Server is available at http://10.1.1.206:46733/ (bind address 0.0.0.0)
Total in 30 ms

Change detected, rebuilding site (#5).
2026-02-16 17:20:05.203 +0300
Source changed /posts/ta_
Web Server is available at http://10.1.1.206:46733/ (bind address 0.0.0.0)
Total in 88 ms

Change detected, rebuilding site (#6).
2026-02-16 17:20:31.703 +0300
Source changed /posts/ta_/_index.md
Source changed /posts/ta_oy_ai_comments
Web Server is available at http://10.1.1.206:46733/ (bind address 0.0.0.0)
Total in 98 ms

Change detected, rebuilding site (#7).
2026-02-16 17:24:50.203 +0300
Source changed /posts/ta_oy_ai_comments/_index.md
Source changed /posts/20260126_ta_oy_ai_comments.md
Web Server is available at http://10.1.1.206:46733/ (bind address 0.0.0.0)
Total in 109 ms

Change detected, rebuilding site (#8).
2026-02-16 17:26:17.703 +0300
Source changed /posts/20260126_ta_oy_ai_comments.md
Web Server is available at http://10.1.1.206:46733/ (bind address 0.0.0.0)
Total in 20 ms

Change detected, rebuilding site (#9).
2026-02-16 17:26:34.702 +0300
Source changed /posts/20260126_ta_oy_ai_comments.md
Web Server is available at http://10.1.1.206:46733/ (bind address 0.0.0.0)
Total in 29 ms

Change detected, rebuilding site (#10).
2026-02-16 17:29:52.702 +0300
Source changed /posts/20260126_ta_oy_ai_comments.md
Web Server is available at http://10.1.1.206:46733/ (bind address 0.0.0.0)
Total in 18 ms
Watching for changes in /home/stas/www/itexperts.team/archetypes, /home/stas/www/itexperts.team/assets, /home/stas/www/itexperts.team/content/{contact,jokes,posts}, /home/stas/www/itexperts.team/data, /home/stas/www/itexperts.team/i18n, /home/stas/www/itexperts.team/layouts, /home/stas/www/itexperts.team/static/img, /home/stas/www/itexperts.team/themes/mainroad/archetypes, /home/stas/www/itexperts.team/themes/mainroad/assets/css, /home/stas/www/itexperts.team/themes/mainroad/i18n, ... and 3 more
Watching for config changes in /home/stas/www/itexperts.team/hugo.toml
Start building sites … 
hugo v0.155.3+extended linux/amd64 BuildDate=unknown


                  │ EN 
──────────────────┼────
 Pages            │ 52 
 Paginator pages  │  0 
 Non-page files   │  0 
 Static files     │ 23 
 Processed images │  0 
 Aliases          │ 19 
 Cleaned          │  0 

Built in 109 ms
Environment: "development"
Serving pages from disk
Web Server is available at https://itexperts.team:1313/ (bind address 0.0.0.0) 
Press Ctrl+C to stop

Change of Static files detected, rebuilding site (#1).
2026-02-17 18:19:28.225 +0300

Change of Static files detected, rebuilding site (#2).
2026-02-17 18:22:27.225 +0300
Syncing /img/logo_team.png to /

Change of Static files detected, rebuilding site (#3).
2026-02-17 18:24:52.225 +0300
Syncing /img/logo_team_312_312.png to /

Change of config file detected, rebuilding site (#4).
2026-02-17 18:26:06.725 +0300
Web Server is available at https://itexperts.team:1313/ (bind address 0.0.0.0)
Rebuilt in 285 ms
Watching for changes in /home/stas/www/itexperts.team/archetypes, /home/stas/www/itexperts.team/assets, /home/stas/www/itexperts.team/content/{contact,jokes,posts}, /home/stas/www/itexperts.team/data, /home/stas/www/itexperts.team/i18n, /home/stas/www/itexperts.team/layouts/shortcodes, /home/stas/www/itexperts.team/static/img, /home/stas/www/itexperts.team/themes/mainroad/archetypes, /home/stas/www/itexperts.team/themes/mainroad/assets/css, /home/stas/www/itexperts.team/themes/mainroad/i18n, ... and 3 more
Watching for config changes in /home/stas/www/itexperts.team/hugo.toml
Start building sites … 
hugo v0.155.3+extended linux/amd64 BuildDate=unknown


                  │ EN 
──────────────────┼────
 Pages            │ 58 
 Paginator pages  │  0 
 Non-page files   │  0 
 Static files     │ 26 
 Processed images │  0 
 Aliases          │ 21 
 Cleaned          │  0 

Built in 146 ms
Environment: "development"
Serving pages from disk
Running in Fast Render Mode. For full rebuilds on change: hugo server --disableFastRender
Web Server is available at https://itexperts.team:1313/ (bind address 0.0.0.0) 
Press Ctrl+C to stop

Change detected, rebuilding site (#1).
2026-03-02 12:11:16.378 +0300
Source changed /posts/run_llama.cpp_on_risc-v.md
Web Server is available at https://itexperts.team:1313/ (bind address 0.0.0.0)
Total in 26 ms

Change detected, rebuilding site (#2).
2026-03-02 12:17:31.378 +0300
Source changed /posts/run_llama.cpp_on_risc-v.md
Web Server is available at https://itexperts.team:1313/ (bind address 0.0.0.0)
Total in 39 ms

Change detected, rebuilding site (#3).
2026-03-02 12:25:05.377 +0300
Source changed /posts/run_llama.cpp_on_risc-v.md
Web Server is available at https://itexperts.team:1313/ (bind address 0.0.0.0)
Total in 37 ms

Change detected, rebuilding site (#4).
2026-03-02 12:31:02.877 +0300
Source changed /posts/run_llama.cpp_on_risc-v.md
Web Server is available at https://itexperts.team:1313/ (bind address 0.0.0.0)
Total in 67 ms

Change of Static files detected, rebuilding site (#5).
2026-03-02 17:00:31.877 +0300
Syncing /img/image.png to /

Change of Static files detected, rebuilding site (#6).
2026-03-02 17:00:57.877 +0300
Syncing /img/llama_riscv_ai_banner.png to /

Change detected, rebuilding site (#7).
2026-03-02 17:01:41.378 +0300
Source changed /posts/run_llama.cpp_on_risc-v.md
Web Server is available at https://itexperts.team:1313/ (bind address 0.0.0.0)
Total in 62 ms

Change detected, rebuilding site (#8).
2026-03-04 14:14:22.877 +0300
Source changed /posts/run_llama.cpp_on_risc-v.md
Web Server is available at https://itexperts.team:1313/ (bind address 0.0.0.0)
Total in 101 ms

Change detected, rebuilding site (#9).
2026-03-04 14:14:29.877 +0300
Source changed /posts/run_llama.cpp_on_risc-v.md
Web Server is available at https://itexperts.team:1313/ (bind address 0.0.0.0)
Total in 150 ms

Change detected, rebuilding site (#10).
2026-03-04 14:16:39.877 +0300
Source changed /posts/run_llama.cpp_on_risc-v.md
Web Server is available at https://itexperts.team:1313/ (bind address 0.0.0.0)
Total in 72 ms

Change detected, rebuilding site (#11).
2026-03-04 14:27:04.378 +0300
Source changed /posts/2025_dc_for_ai.md
Web Server is available at https://itexperts.team:1313/ (bind address 0.0.0.0)
Total in 61 ms

Change detected, rebuilding site (#12).
2026-03-04 14:27:31.377 +0300
Source changed /posts/20260126_ta_oy_ai_comments.md
Web Server is available at https://itexperts.team:1313/ (bind address 0.0.0.0)
Total in 53 ms

Change detected, rebuilding site (#13).
2026-03-04 14:27:43.877 +0300
Source changed /posts/ai_gravitel.md
Web Server is available at https://itexperts.team:1313/ (bind address 0.0.0.0)
Total in 29 ms

Change detected, rebuilding site (#14).
2026-03-04 14:28:33.877 +0300
Source changed /posts/mts_grom_supercloud.md
Web Server is available at https://itexperts.team:1313/ (bind address 0.0.0.0)
Total in 51 ms

Change detected, rebuilding site (#15).
2026-03-04 14:28:35.377 +0300
Source changed /posts/cross_cpu_links_intel_and_amd.md
Web Server is available at https://itexperts.team:1313/ (bind address 0.0.0.0)
Total in 3 ms

Change detected, rebuilding site (#16).
2026-03-04 14:28:49.377 +0300
Source changed /posts/mts_mlops.md
Web Server is available at https://itexperts.team:1313/ (bind address 0.0.0.0)
Total in 34 ms

Change detected, rebuilding site (#17).
2026-03-04 14:29:09.877 +0300
Source changed /posts/vscode_github_prototype.md
Web Server is available at https://itexperts.team:1313/ (bind address 0.0.0.0)
Total in 24 ms

Change detected, rebuilding site (#18).
2026-03-04 14:29:44.877 +0300
Source changed /posts/wsl_prototype.md
Web Server is available at https://itexperts.team:1313/ (bind address 0.0.0.0)
Total in 67 ms

Change detected, rebuilding site (#19).
2026-03-04 14:30:20.377 +0300
Source changed /posts/mts_grom_supercloud.md
Web Server is available at https://itexperts.team:1313/ (bind address 0.0.0.0)
Total in 54 ms

Change detected, rebuilding site (#20).
2026-03-04 14:31:53.877 +0300
Source changed /posts/20260126_ta_oy_ai_comments.md
Web Server is available at https://itexperts.team:1313/ (bind address 0.0.0.0)
Total in 62 ms

Change detected, rebuilding site (#21).
2026-03-04 14:32:05.377 +0300
Source changed /posts/2025_dc_for_ai.md
Web Server is available at https://itexperts.team:1313/ (bind address 0.0.0.0)
Total in 74 ms

Change detected, rebuilding site (#22).
2026-03-04 14:32:24.878 +0300
Source changed /posts/ai_gravitel.md
Web Server is available at https://itexperts.team:1313/ (bind address 0.0.0.0)
Total in 26 ms

Change detected, rebuilding site (#23).
2026-03-04 14:33:24.878 +0300
Source changed /posts/gpu_ai_infra_trends_2030.md
Web Server is available at https://itexperts.team:1313/ (bind address 0.0.0.0)
Total in 67 ms

Change detected, rebuilding site (#24).
2026-03-04 14:33:25.878 +0300
Source changed /posts/mts_grom_supercloud.md
Web Server is available at https://itexperts.team:1313/ (bind address 0.0.0.0)
Total in 41 ms

Change detected, rebuilding site (#25).
2026-03-04 14:33:30.878 +0300
Source changed /posts/mts_mlops.md
Web Server is available at https://itexperts.team:1313/ (bind address 0.0.0.0)
Total in 44 ms

Change detected, rebuilding site (#26).
2026-03-04 14:33:37.877 +0300
Source changed /posts/run_llama.cpp_on_risc-v.md
Web Server is available at https://itexperts.team:1313/ (bind address 0.0.0.0)
Total in 104 ms

Change detected, rebuilding site (#27).
2026-03-04 14:33:48.877 +0300
Source changed /posts/wsl_prototype.md
Web Server is available at https://itexperts.team:1313/ (bind address 0.0.0.0)
Total in 68 ms

Change detected, rebuilding site (#28).
2026-03-04 15:29:38.878 +0300
Source changed /posts/cross_cpu_links_intel_and_amd.md
Web Server is available at https://itexperts.team:1313/ (bind address 0.0.0.0)
Total in 24 ms

Change of config file detected, rebuilding site (#29).
2026-03-04 15:40:38.377 +0300
Web Server is available at https://itexperts.team:1313/ (bind address 0.0.0.0)
Rebuilt in 357 ms

Change of config file detected, rebuilding site (#30).
2026-03-04 15:42:14.377 +0300
Web Server is available at https://itexperts.team:1313/ (bind address 0.0.0.0)
Rebuilt in 289 ms

Change detected, rebuilding site (#31).
2026-03-04 15:45:46.877 +0300
Template changed /robots.txt
Web Server is available at https://itexperts.team:1313/ (bind address 0.0.0.0)
Total in 14 ms

Change detected, rebuilding site (#32).
2026-03-04 15:47:02.877 +0300
Template changed /robots.txt
Web Server is available at https://itexperts.team:1313/ (bind address 0.0.0.0)
Total in 17 ms

Change of Static files detected, rebuilding site (#33).
2026-03-04 15:51:18.378 +0300
Syncing /logo_team.svg to /

Change of Static files detected, rebuilding site (#34).
2026-03-04 15:51:35.377 +0300
Syncing /favicon.svg to /

Change of Static files detected, rebuilding site (#35).
2026-03-04 16:03:34.378 +0300

Change of Static files detected, rebuilding site (#36).
2026-03-04 16:03:40.878 +0300
Syncing /logo_team.svg to /

Change of Static files detected, rebuilding site (#37).
2026-03-04 16:03:50.378 +0300
Syncing /favicon.svg to /

Change of Static files detected, rebuilding site (#38).
2026-03-04 16:07:44.877 +0300
Syncing /logo_team.svg to /

Change of Static files detected, rebuilding site (#39).
2026-03-04 16:07:51.378 +0300

Change of Static files detected, rebuilding site (#40).
2026-03-04 16:08:01.378 +0300
Syncing /favicon.svg to /

Change of Static files detected, rebuilding site (#41).
2026-03-04 16:09:46.377 +0300
Syncing /logo_team.ico to /

Change of Static files detected, rebuilding site (#42).
2026-03-04 16:09:52.378 +0300
Syncing /favicon.ico to /

Change of Static files detected, rebuilding site (#43).
2026-03-04 16:10:02.877 +0300
Syncing /favicon.ico to /

Change of Static files detected, rebuilding site (#44).
2026-03-04 16:13:17.878 +0300
Syncing /logo_team.ico to /

Change of Static files detected, rebuilding site (#45).
2026-03-04 16:13:34.877 +0300
Syncing /favicon.ico to /

Change of Static files detected, rebuilding site (#46).
2026-03-04 16:13:43.378 +0300
Syncing /favicon.ico to /

Change detected, rebuilding site (#47).
2026-03-04 16:39:07.877 +0300
Source changed /posts/2025_dc_for_ai.md
Web Server is available at https://itexperts.team:1313/ (bind address 0.0.0.0)
Total in 102 ms

Change detected, rebuilding site (#48).
2026-03-04 16:40:25.377 +0300
Source changed /posts/20260126_ta_oy_ai_comments.md
Web Server is available at https://itexperts.team:1313/ (bind address 0.0.0.0)
Total in 79 ms

Change detected, rebuilding site (#49).
2026-03-04 16:41:31.378 +0300
Source changed /posts/ai_gravitel.md
Web Server is available at https://itexperts.team:1313/ (bind address 0.0.0.0)
Total in 43 ms

Change detected, rebuilding site (#50).
2026-03-04 16:43:30.878 +0300
Source changed /posts/cross_cpu_links_intel_and_amd.md
Web Server is available at https://itexperts.team:1313/ (bind address 0.0.0.0)
Total in 4 ms

Change detected, rebuilding site (#51).
2026-03-04 16:45:28.377 +0300
Source changed /posts/gpu_ai_infra_trends_2030.md
Web Server is available at https://itexperts.team:1313/ (bind address 0.0.0.0)
Total in 76 ms

Change detected, rebuilding site (#52).
2026-03-04 16:46:11.377 +0300
Source changed /posts/mts_grom_supercloud.md
Web Server is available at https://itexperts.team:1313/ (bind address 0.0.0.0)
Total in 49 ms

Change detected, rebuilding site (#53).
2026-03-04 16:47:44.378 +0300
Source changed /posts/mts_mlops.md
Web Server is available at https://itexperts.team:1313/ (bind address 0.0.0.0)
Total in 55 ms

Change detected, rebuilding site (#54).
2026-03-04 16:48:02.876 +0300
Source changed /posts/mts_mlops.md
Web Server is available at https://itexperts.team:1313/ (bind address 0.0.0.0)
Total in 55 ms

Change detected, rebuilding site (#55).
2026-03-04 16:48:10.377 +0300
Source changed /posts/mts_mlops.md
Web Server is available at https://itexperts.team:1313/ (bind address 0.0.0.0)
Total in 40 ms

Change detected, rebuilding site (#56).
2026-03-04 16:50:13.877 +0300
Source changed /posts/run_llama.cpp_on_risc-v.md
Web Server is available at https://itexperts.team:1313/ (bind address 0.0.0.0)
Total in 110 ms

Change detected, rebuilding site (#57).
2026-03-04 16:50:31.377 +0300
Source changed /posts/run_llama.cpp_on_risc-v.md
Web Server is available at https://itexperts.team:1313/ (bind address 0.0.0.0)
Total in 86 ms

Change detected, rebuilding site (#58).
2026-03-04 16:50:32.377 +0300
Source changed /posts/run_llama.cpp_on_risc-v.md
Web Server is available at https://itexperts.team:1313/ (bind address 0.0.0.0)
Total in 113 ms

Change detected, rebuilding site (#59).
2026-03-04 16:51:55.377 +0300
Source changed /posts/vscode_github_prototype.md
Web Server is available at https://itexperts.team:1313/ (bind address 0.0.0.0)
Total in 47 ms

Change detected, rebuilding site (#60).
2026-03-04 16:53:26.378 +0300
Source changed /posts/wsl_prototype.md
Web Server is available at https://itexperts.team:1313/ (bind address 0.0.0.0)
Total in 92 ms
